------------------------------------------------------------
TimeQuest Timing Analyzer Summary
------------------------------------------------------------

Type  : Slow Model Setup 'sys_clk'
Slack : -5.614
TNS   : -167.464

Type  : Slow Model Setup 'key'
Slack : 0.235
TNS   : 0.000

Type  : Slow Model Hold 'key'
Slack : 0.499
TNS   : 0.000

Type  : Slow Model Hold 'sys_clk'
Slack : 0.499
TNS   : 0.000

Type  : Slow Model Minimum Pulse Width 'sys_clk'
Slack : -1.941
TNS   : -70.205

Type  : Slow Model Minimum Pulse Width 'key'
Slack : -1.777
TNS   : -3.261

Type  : Fast Model Setup 'sys_clk'
Slack : -1.013
TNS   : -23.104

Type  : Fast Model Setup 'key'
Slack : 0.665
TNS   : 0.000

Type  : Fast Model Hold 'key'
Slack : 0.215
TNS   : 0.000

Type  : Fast Model Hold 'sys_clk'
Slack : 0.215
TNS   : 0.000

Type  : Fast Model Minimum Pulse Width 'sys_clk'
Slack : -1.380
TNS   : -47.380

Type  : Fast Model Minimum Pulse Width 'key'
Slack : -1.222
TNS   : -2.222

------------------------------------------------------------
